kotlin version: 2.2.10
error message: java.lang.RuntimeException: Exception while generating code for:
FUN name:test visibility:public modality:FINAL returnType:kotlin.Unit
  annotations:
    Preview(name = <null>, group = <null>, apiLevel = <null>, widthDp = <null>, heightDp = <null>, locale = <null>, fontScale = <null>, showSystemUi = <null>, showBackground = <null>, backgroundColor = <null>, uiMode = <null>, device = <null>, wallpaper = <null>)
    Composable
  BLOCK_BODY
    VAR name:myViewModel type:no.uio.ifi.in2000.team20.team20app.viewmodel.weatherViewModelTest [val]
      TYPE_OP type=no.uio.ifi.in2000.team20.team20app.viewmodel.weatherViewModelTest origin=IMPLICIT_CAST typeOperand=no.uio.ifi.in2000.team20.team20app.viewmodel.weatherViewModelTest
        CALL 'public final fun viewModel$default <VM> (viewModelStoreOwner: androidx.lifecycle.ViewModelStoreOwner?, key: kotlin.String?, factory: androidx.lifecycle.ViewModelProvider.Factory?, extras: androidx.lifecycle.viewmodel.CreationExtras?, $mask0: kotlin.Int, $handler: kotlin.Any?): VM of androidx.lifecycle.viewmodel.compose.ViewModelKt.viewModel$default [inline] declared in androidx.lifecycle.viewmodel.compose.ViewModelKt' type=VM of androidx.lifecycle.viewmodel.compose.ViewModelKt.viewModel$default origin=DEFAULT_DISPATCH_CALL
          TYPE_ARG VM: no.uio.ifi.in2000.team20.team20app.viewmodel.weatherViewModelTest
          ARG viewModelStoreOwner: COMPOSITE type=androidx.lifecycle.ViewModelStoreOwner? origin=DEFAULT_VALUE
            CONST Null type=androidx.lifecycle.ViewModelStoreOwner? value=null
          ARG key: COMPOSITE type=kotlin.String? origin=DEFAULT_VALUE
            CONST Null type=kotlin.String? value=null
          ARG factory: COMPOSITE type=androidx.lifecycle.ViewModelProvider.Factory? origin=DEFAULT_VALUE
            CONST Null type=androidx.lifecycle.ViewModelProvider.Factory? value=null
          ARG extras: COMPOSITE type=androidx.lifecycle.viewmodel.CreationExtras? origin=DEFAULT_VALUE
            CONST Null type=androidx.lifecycle.viewmodel.CreationExtras? value=null
          ARG $mask0: CONST Int type=kotlin.Int value=15
          ARG $handler: CONST Null type=kotlin.Any? value=null
    CALL 'public final fun LaunchedEffect (key1: kotlin.Any?, block: @[ExtensionFunctionType] kotlin.coroutines.SuspendFunction1<kotlinx.coroutines.CoroutineScope, kotlin.Unit>): kotlin.Unit declared in androidx.compose.runtime.EffectsKt' type=kotlin.Unit origin=null
      ARG key1: GET_FIELD 'FIELD FIELD_FOR_OBJECT_INSTANCE name:INSTANCE type:kotlin.Unit visibility:public [final,static] declared in kotlin.Unit' type=kotlin.Unit origin=null
      ARG block: BLOCK type=no.uio.ifi.in2000.team20.team20app.ui.screens.home.HomeScreenKt.test.<no name provided> origin=null
        CLASS SUSPEND_LAMBDA CLASS name:<no name provided> modality:FINAL visibility:public/*package*/ superTypes:[kotlin.coroutines.jvm.internal.SuspendLambda; kotlin.jvm.functions.Function2<kotlinx.coroutines.CoroutineScope, kotlin.coroutines.Continuation<kotlin.Unit>?, kotlin.Any?>]
          thisReceiver: VALUE_PARAMETER INSTANCE_RECEIVER kind:DispatchReceiver name:<this> type:no.uio.ifi.in2000.team20.team20app.ui.screens.home.HomeScreenKt.test.<no name provided>
          FIELD name:label type:kotlin.Int visibility:public/*package*/
          CONSTRUCTOR SUSPEND_LAMBDA visibility:public/*package*/ returnType:no.uio.ifi.in2000.team20.team20app.ui.screens.home.HomeScreenKt.test.<no name provided> [primary]
            VALUE_PARAMETER BOUND_VALUE_PARAMETER kind:Regular name:$myViewModel index:0 type:no.uio.ifi.in2000.team20.team20app.viewmodel.weatherViewModelTest
            VALUE_PARAMETER kind:Regular name:$completion index:1 type:kotlin.coroutines.Continuation<no.uio.ifi.in2000.team20.team20app.ui.screens.home.HomeScreenKt.test.<no name provided>>?
            BLOCK_BODY
              SET_FIELD 'FIELD FIELD_FOR_CAPTURED_VALUE name:$myViewModel type:no.uio.ifi.in2000.team20.team20app.viewmodel.weatherViewModelTest visibility:public/*package*/ [final] declared in no.uio.ifi.in2000.team20.team20app.ui.screens.home.HomeScreenKt.test.<no name provided>' type=kotlin.Unit origin=INITIALIZER_OF_FIELD_FOR_CAPTURED_VALUE
                receiver: GET_VAR '<this>: no.uio.ifi.in2000.team20.team20app.ui.screens.home.HomeScreenKt.test.<no name provided> declared in no.uio.ifi.in2000.team20.team20app.ui.screens.home.HomeScreenKt.test.<no name provided>' type=no.uio.ifi.in2000.team20.team20app.ui.screens.home.HomeScreenKt.test.<no name provided> origin=null
                value: GET_VAR '$myViewModel: no.uio.ifi.in2000.team20.team20app.viewmodel.weatherViewModelTest declared in no.uio.ifi.in2000.team20.team20app.ui.screens.home.HomeScreenKt.test.<no name provided>.<init>' type=no.uio.ifi.in2000.team20.team20app.viewmodel.weatherViewModelTest origin=null
              DELEGATING_CONSTRUCTOR_CALL 'public constructor <init> (arity: kotlin.Int, $completion: kotlin.coroutines.Continuation<kotlin.Any?>?) declared in kotlin.coroutines.jvm.internal.SuspendLambda'
                ARG arity: CONST Int type=kotlin.Int value=2
                ARG $completion: GET_VAR '$completion: kotlin.coroutines.Continuation<no.uio.ifi.in2000.team20.team20app.ui.screens.home.HomeScreenKt.test.<no name provided>>? declared in no.uio.ifi.in2000.team20.team20app.ui.screens.home.HomeScreenKt.test.<no name provided>.<init>' type=kotlin.coroutines.Continuation<no.uio.ifi.in2000.team20.team20app.ui.screens.home.HomeScreenKt.test.<no name provided>>? origin=null
              BLOCK type=kotlin.Unit origin=null
          FUN name:invokeSuspend visibility:public modality:FINAL returnType:kotlin.Any?
            VALUE_PARAMETER INSTANCE_RECEIVER kind:DispatchReceiver name:<this> index:0 type:no.uio.ifi.in2000.team20.team20app.ui.screens.home.HomeScreenKt.test.<no name provided>
            VALUE_PARAMETER kind:Regular name:$result index:1 type:kotlin.Result<kotlin.Any?>
            overridden:
              protected abstract fun invokeSuspend ($result: kotlin.Result<kotlin.Any?>): kotlin.Any? declared in kotlin.coroutines.jvm.internal.SuspendLambda
            BLOCK_BODY
              CALL 'public final fun getWeather (lat: kotlin.Double, lon: kotlin.Double, $completion: kotlin.coroutines.Continuation<kotlin.Unit>): kotlin.Any? [suspend] declared in no.uio.ifi.in2000.team20.team20app.viewmodel.weatherViewModelTest' type=kotlin.Unit origin=null
                ARG <this>: GET_FIELD 'FIELD FIELD_FOR_CAPTURED_VALUE name:$myViewModel type:no.uio.ifi.in2000.team20.team20app.viewmodel.weatherViewModelTest visibility:public/*package*/ [final] declared in no.uio.ifi.in2000.team20.team20app.ui.screens.home.HomeScreenKt.test.<no name provided>' type=no.uio.ifi.in2000.team20.team20app.viewmodel.weatherViewModelTest origin=null
                  receiver: GET_VAR '<this>: no.uio.ifi.in2000.team20.team20app.ui.screens.home.HomeScreenKt.test.<no name provided> declared in no.uio.ifi.in2000.team20.team20app.ui.screens.home.HomeScreenKt.test.<no name provided>.invokeSuspend' type=no.uio.ifi.in2000.team20.team20app.ui.screens.home.HomeScreenKt.test.<no name provided> origin=null
                ARG lat: CONST Double type=kotlin.Double value=59.91273
                ARG lon: CONST Double type=kotlin.Double value=10.74609
                ARG $completion: GET_VAR '<this>: no.uio.ifi.in2000.team20.team20app.ui.screens.home.HomeScreenKt.test.<no name provided> declared in no.uio.ifi.in2000.team20.team20app.ui.screens.home.HomeScreenKt.test.<no name provided>.invokeSuspend' type=no.uio.ifi.in2000.team20.team20app.ui.screens.home.HomeScreenKt.test.<no name provided> origin=null
          FUN name:create visibility:public modality:FINAL returnType:kotlin.coroutines.Continuation<kotlin.Unit>
            VALUE_PARAMETER INSTANCE_RECEIVER kind:DispatchReceiver name:<this> index:0 type:no.uio.ifi.in2000.team20.team20app.ui.screens.home.HomeScreenKt.test.<no name provided>
            VALUE_PARAMETER kind:Regular name:value index:1 type:kotlin.Any?
            VALUE_PARAMETER kind:Regular name:$completion index:2 type:kotlin.coroutines.Continuation<kotlin.Nothing>
            overridden:
              public open fun create (value: kotlin.Any?, $completion: kotlin.coroutines.Continuation<kotlin.Nothing>): kotlin.coroutines.Continuation<kotlin.Unit> declared in kotlin.coroutines.jvm.internal.SuspendLambda
            BLOCK_BODY
              RETURN type=kotlin.Nothing from='public final fun create (value: kotlin.Any?, $completion: kotlin.coroutines.Continuation<kotlin.Nothing>): kotlin.coroutines.Continuation<kotlin.Unit> declared in no.uio.ifi.in2000.team20.team20app.ui.screens.home.HomeScreenKt.test.<no name provided>'
                CONSTRUCTOR_CALL 'public/*package*/ constructor <init> ($myViewModel: no.uio.ifi.in2000.team20.team20app.viewmodel.weatherViewModelTest, $completion: kotlin.coroutines.Continuation<no.uio.ifi.in2000.team20.team20app.ui.screens.home.HomeScreenKt.test.<no name provided>>?) [primary] declared in no.uio.ifi.in2000.team20.team20app.ui.screens.home.HomeScreenKt.test.<no name provided>' type=no.uio.ifi.in2000.team20.team20app.ui.screens.home.HomeScreenKt.test.<no name provided> origin=null
                  ARG $myViewModel: GET_FIELD 'FIELD FIELD_FOR_CAPTURED_VALUE name:$myViewModel type:no.uio.ifi.in2000.team20.team20app.viewmodel.weatherViewModelTest visibility:public/*package*/ [final] declared in no.uio.ifi.in2000.team20.team20app.ui.screens.home.HomeScreenKt.test.<no name provided>' type=no.uio.ifi.in2000.team20.team20app.viewmodel.weatherViewModelTest origin=null
                    receiver: GET_VAR '<this>: no.uio.ifi.in2000.team20.team20app.ui.screens.home.HomeScreenKt.test.<no name provided> declared in no.uio.ifi.in2000.team20.team20app.ui.screens.home.HomeScreenKt.test.<no name provided>.create' type=no.uio.ifi.in2000.team20.team20app.ui.screens.home.HomeScreenKt.test.<no name provided> origin=null
                  ARG $completion: GET_VAR '$completion: kotlin.coroutines.Continuation<kotlin.Nothing> declared in no.uio.ifi.in2000.team20.team20app.ui.screens.home.HomeScreenKt.test.<no name provided>.create' type=kotlin.coroutines.Continuation<kotlin.Nothing> origin=null
          FUN name:invoke visibility:public modality:FINAL returnType:kotlin.Any?
            VALUE_PARAMETER INSTANCE_RECEIVER kind:DispatchReceiver name:<this> index:0 type:no.uio.ifi.in2000.team20.team20app.ui.screens.home.HomeScreenKt.test.<no name provided>
            VALUE_PARAMETER kind:Regular name:p1 index:1 type:kotlinx.coroutines.CoroutineScope
            VALUE_PARAMETER kind:Regular name:p2 index:2 type:kotlin.coroutines.Continuation<kotlin.Unit>?
            overridden:
              public abstract fun invoke (p1: P1 of kotlin.jvm.functions.Function2, p2: P2 of kotlin.jvm.functions.Function2): R of kotlin.jvm.functions.Function2 declared in kotlin.jvm.functions.Function2
            BLOCK_BODY
              RETURN type=kotlin.Nothing from='public final fun invoke (p1: kotlinx.coroutines.CoroutineScope, p2: kotlin.coroutines.Continuation<kotlin.Unit>?): kotlin.Any? declared in no.uio.ifi.in2000.team20.team20app.ui.screens.home.HomeScreenKt.test.<no name provided>'
                CALL 'public final fun invokeSuspend ($result: kotlin.Result<kotlin.Any?>): kotlin.Any? declared in no.uio.ifi.in2000.team20.team20app.ui.screens.home.HomeScreenKt.test.<no name provided>' type=kotlin.Any? origin=null
                  ARG <this>: TYPE_OP type=no.uio.ifi.in2000.team20.team20app.ui.screens.home.HomeScreenKt.test.<no name provided> origin=IMPLICIT_CAST typeOperand=no.uio.ifi.in2000.team20.team20app.ui.screens.home.HomeScreenKt.test.<no name provided>
                    CALL 'public final fun create (value: kotlin.Any?, $completion: kotlin.coroutines.Continuation<kotlin.Nothing>): kotlin.coroutines.Continuation<kotlin.Unit> declared in no.uio.ifi.in2000.team20.team20app.ui.screens.home.HomeScreenKt.test.<no name provided>' type=kotlin.coroutines.Continuation<kotlin.Unit> origin=null
                      ARG <this>: GET_VAR '<this>: no.uio.ifi.in2000.team20.team20app.ui.screens.home.HomeScreenKt.test.<no name provided> declared in no.uio.ifi.in2000.team20.team20app.ui.screens.home.HomeScreenKt.test.<no name provided>.invoke' type=no.uio.ifi.in2000.team20.team20app.ui.screens.home.HomeScreenKt.test.<no name provided> origin=null
                      ARG value: GET_VAR 'p1: kotlinx.coroutines.CoroutineScope declared in no.uio.ifi.in2000.team20.team20app.ui.screens.home.HomeScreenKt.test.<no name provided>.invoke' type=kotlinx.coroutines.CoroutineScope origin=null
                      ARG $completion: GET_VAR 'p2: kotlin.coroutines.Continuation<kotlin.Unit>? declared in no.uio.ifi.in2000.team20.team20app.ui.screens.home.HomeScreenKt.test.<no name provided>.invoke' type=kotlin.coroutines.Continuation<kotlin.Unit>? origin=null
                  ARG $result: CALL 'public final fun <unsafe-coerce> <T, R> (v: T of kotlin.jvm.internal.<unsafe-coerce>): R of kotlin.jvm.internal.<unsafe-coerce> declared in kotlin.jvm.internal' type=kotlin.Result<kotlin.Any?> origin=null
                    TYPE_ARG T: kotlin.Any?
                    TYPE_ARG R: kotlin.Result<kotlin.Any?>
                    ARG v: GET_FIELD 'FIELD FIELD_FOR_OBJECT_INSTANCE name:INSTANCE type:kotlin.Unit visibility:public [final,static] declared in kotlin.Unit' type=kotlin.Unit origin=null
          FIELD FIELD_FOR_CAPTURED_VALUE name:$myViewModel type:no.uio.ifi.in2000.team20.team20app.viewmodel.weatherViewModelTest visibility:public/*package*/ [final]
          FUN BRIDGE name:invoke visibility:public modality:OPEN returnType:kotlin.Any?
            VALUE_PARAMETER INSTANCE_RECEIVER kind:DispatchReceiver name:<this> index:0 type:no.uio.ifi.in2000.team20.team20app.ui.screens.home.HomeScreenKt.test.<no name provided>
            VALUE_PARAMETER BRIDGE kind:Regular name:p1 index:1 type:kotlin.Any?
            VALUE_PARAMETER BRIDGE kind:Regular name:p2 index:2 type:kotlin.Any?
            EXPRESSION_BODY
              RETURN type=kotlin.Nothing from='public open fun invoke (p1: kotlin.Any?, p2: kotlin.Any?): kotlin.Any? declared in no.uio.ifi.in2000.team20.team20app.ui.screens.home.HomeScreenKt.test.<no name provided>'
                CALL 'public final fun invoke (p1: kotlinx.coroutines.CoroutineScope, p2: kotlin.coroutines.Continuation<kotlin.Unit>?): kotlin.Any? declared in no.uio.ifi.in2000.team20.team20app.ui.screens.home.HomeScreenKt.test.<no name provided>' type=kotlin.Any? origin=BRIDGE_DELEGATION
                  ARG <this>: GET_VAR '<this>: no.uio.ifi.in2000.team20.team20app.ui.screens.home.HomeScreenKt.test.<no name provided> declared in no.uio.ifi.in2000.team20.team20app.ui.screens.home.HomeScreenKt.test.<no name provided>.invoke' type=no.uio.ifi.in2000.team20.team20app.ui.screens.home.HomeScreenKt.test.<no name provided> origin=null
                  ARG p1: TYPE_OP type=kotlinx.coroutines.CoroutineScope origin=IMPLICIT_CAST typeOperand=kotlinx.coroutines.CoroutineScope
                    GET_VAR 'p1: kotlin.Any? declared in no.uio.ifi.in2000.team20.team20app.ui.screens.home.HomeScreenKt.test.<no name provided>.invoke' type=kotlin.Any? origin=null
                  ARG p2: TYPE_OP type=kotlin.coroutines.Continuation<*> origin=IMPLICIT_CAST typeOperand=kotlin.coroutines.Continuation<*>
                    GET_VAR 'p2: kotlin.Any? declared in no.uio.ifi.in2000.team20.team20app.ui.screens.home.HomeScreenKt.test.<no name provided>.invoke' type=kotlin.Any? origin=null
        CONSTRUCTOR_CALL 'public/*package*/ constructor <init> ($myViewModel: no.uio.ifi.in2000.team20.team20app.viewmodel.weatherViewModelTest, $completion: kotlin.coroutines.Continuation<no.uio.ifi.in2000.team20.team20app.ui.screens.home.HomeScreenKt.test.<no name provided>>?) [primary] declared in no.uio.ifi.in2000.team20.team20app.ui.screens.home.HomeScreenKt.test.<no name provided>' type=no.uio.ifi.in2000.team20.team20app.ui.screens.home.HomeScreenKt.test.<no name provided> origin=null
          ARG $myViewModel: GET_VAR 'val myViewModel: no.uio.ifi.in2000.team20.team20app.viewmodel.weatherViewModelTest [val] declared in no.uio.ifi.in2000.team20.team20app.ui.screens.home.HomeScreenKt.test' type=no.uio.ifi.in2000.team20.team20app.viewmodel.weatherViewModelTest origin=null
          ARG $completion: CONST Null type=kotlin.Nothing? value=null

	at org.jetbrains.kotlin.backend.jvm.codegen.FunctionCodegen.generate(FunctionCodegen.kt:50)
	at org.jetbrains.kotlin.backend.jvm.codegen.FunctionCodegen.generate$default(FunctionCodegen.kt:43)
	at org.jetbrains.kotlin.backend.jvm.codegen.ClassCodegen.generateMethodNode(ClassCodegen.kt:422)
	at org.jetbrains.kotlin.backend.jvm.codegen.ClassCodegen.generateMethod(ClassCodegen.kt:439)
	at org.jetbrains.kotlin.backend.jvm.codegen.ClassCodegen.generate(ClassCodegen.kt:164)
	at org.jetbrains.kotlin.backend.jvm.JvmIrCodegenFactory.generateFile(JvmIrCodegenFactory.kt:419)
	at org.jetbrains.kotlin.backend.jvm.JvmIrCodegenFactory.invokeCodegen(JvmIrCodegenFactory.kt:388)
	at org.jetbrains.kotlin.cli.jvm.compiler.KotlinToJVMBytecodeCompiler.runCodegen$cli(KotlinToJVMBytecodeCompiler.kt:431)
	at org.jetbrains.kotlin.cli.pipeline.jvm.JvmBackendPipelinePhase.executePhase(JvmBackendPipelinePhase.kt:95)
	at org.jetbrains.kotlin.cli.pipeline.jvm.JvmBackendPipelinePhase.executePhase(JvmBackendPipelinePhase.kt:36)
	at org.jetbrains.kotlin.cli.pipeline.jvm.JvmBackendPipelinePhase.executePhase(JvmBackendPipelinePhase.kt:29)
	at org.jetbrains.kotlin.cli.pipeline.PipelinePhase.phaseBody(PipelinePhase.kt:68)
	at org.jetbrains.kotlin.cli.pipeline.PipelinePhase.phaseBody(PipelinePhase.kt:58)
	at org.jetbrains.kotlin.config.phaser.NamedCompilerPhase.invoke(CompilerPhase.kt:102)
	at org.jetbrains.kotlin.backend.common.phaser.CompositePhase.invoke(PhaseBuilders.kt:22)
	at org.jetbrains.kotlin.config.phaser.CompilerPhaseKt.invokeToplevel(CompilerPhase.kt:53)
	at org.jetbrains.kotlin.cli.pipeline.AbstractCliPipeline.runPhasedPipeline(AbstractCliPipeline.kt:109)
	at org.jetbrains.kotlin.cli.pipeline.AbstractCliPipeline.execute(AbstractCliPipeline.kt:68)
	at org.jetbrains.kotlin.cli.jvm.K2JVMCompiler.doExecutePhased(K2JVMCompiler.kt:78)
	at org.jetbrains.kotlin.cli.jvm.K2JVMCompiler.doExecutePhased(K2JVMCompiler.kt:44)
	at org.jetbrains.kotlin.cli.common.CLICompiler.execImpl(CLICompiler.kt:90)
	at org.jetbrains.kotlin.cli.common.CLICompiler.exec(CLICompiler.kt:352)
	at org.jetbrains.kotlin.incremental.IncrementalJvmCompilerRunnerBase.runCompiler(IncrementalJvmCompilerRunnerBase.kt:175)
	at org.jetbrains.kotlin.incremental.IncrementalJvmCompilerRunnerBase.runCompiler(IncrementalJvmCompilerRunnerBase.kt:38)
	at org.jetbrains.kotlin.incremental.IncrementalCompilerRunner.doCompile(IncrementalCompilerRunner.kt:504)
	at org.jetbrains.kotlin.incremental.IncrementalCompilerRunner.compileImpl(IncrementalCompilerRunner.kt:421)
	at org.jetbrains.kotlin.incremental.IncrementalCompilerRunner.compileNonIncrementally(IncrementalCompilerRunner.kt:306)
	at org.jetbrains.kotlin.incremental.IncrementalCompilerRunner.compile(IncrementalCompilerRunner.kt:133)
	at org.jetbrains.kotlin.daemon.CompileServiceImplBase.execIncrementalCompiler(CompileServiceImpl.kt:679)
	at org.jetbrains.kotlin.daemon.CompileServiceImplBase.access$execIncrementalCompiler(CompileServiceImpl.kt:93)
	at org.jetbrains.kotlin.daemon.CompileServiceImpl.compile(CompileServiceImpl.kt:1806)
	at java.base/jdk.internal.reflect.DirectMethodHandleAccessor.invoke(Unknown Source)
	at java.base/java.lang.reflect.Method.invoke(Unknown Source)
	at java.rmi/sun.rmi.server.UnicastServerRef.dispatch(Unknown Source)
	at java.rmi/sun.rmi.transport.Transport$1.run(Unknown Source)
	at java.rmi/sun.rmi.transport.Transport$1.run(Unknown Source)
	at java.base/java.security.AccessController.doPrivileged(Unknown Source)
	at java.rmi/sun.rmi.transport.Transport.serviceCall(Unknown Source)
	at java.rmi/sun.rmi.transport.tcp.TCPTransport.handleMessages(Unknown Source)
	at java.rmi/sun.rmi.transport.tcp.TCPTransport$ConnectionHandler.run0(Unknown Source)
	at java.rmi/sun.rmi.transport.tcp.TCPTransport$ConnectionHandler.lambda$run$0(Unknown Source)
	at java.base/java.security.AccessController.doPrivileged(Unknown Source)
	at java.rmi/sun.rmi.transport.tcp.TCPTransport$ConnectionHandler.run(Unknown Source)
	at java.base/java.util.concurrent.ThreadPoolExecutor.runWorker(Unknown Source)
	at java.base/java.util.concurrent.ThreadPoolExecutor$Worker.run(Unknown Source)
	at java.base/java.lang.Thread.run(Unknown Source)
Caused by: org.jetbrains.kotlin.codegen.CompilationException: Back-end (JVM) Internal error: Couldn't inline method call: CALL 'public final fun viewModel$default <VM> (viewModelStoreOwner: androidx.lifecycle.ViewModelStoreOwner?, key: kotlin.String?, factory: androidx.lifecycle.ViewModelProvider.Factory?, extras: androidx.lifecycle.viewmodel.CreationExtras?, $mask0: kotlin.Int, $handler: kotlin.Any?): VM of androidx.lifecycle.viewmodel.compose.ViewModelKt.viewModel$default [inline] declared in androidx.lifecycle.viewmodel.compose.ViewModelKt' type=VM of androidx.lifecycle.viewmodel.compose.ViewModelKt.viewModel$default origin=DEFAULT_DISPATCH_CALL
Method: null
File is unknown
The root cause java.lang.IllegalStateException was thrown at: org.jetbrains.kotlin.codegen.inline.SourceCompilerForInlineKt.getMethodNode(SourceCompilerForInline.kt:129)
	at org.jetbrains.kotlin.backend.jvm.codegen.IrInlineCodegen.genInlineCall(IrInlineCodegen.kt:82)
	at org.jetbrains.kotlin.backend.jvm.codegen.IrInlineCallGenerator.genCall(IrInlineCallGenerator.kt:36)
	at org.jetbrains.kotlin.backend.jvm.codegen.ExpressionCodegen.visitCall(ExpressionCodegen.kt:586)
	at org.jetbrains.kotlin.backend.jvm.codegen.ExpressionCodegen.visitCall(ExpressionCodegen.kt:135)
	at org.jetbrains.kotlin.ir.expressions.IrCall.accept(IrCall.kt:24)
	at org.jetbrains.kotlin.backend.jvm.codegen.ExpressionCodegen.visitTypeOperator(ExpressionCodegen.kt:1075)
	at org.jetbrains.kotlin.backend.jvm.codegen.ExpressionCodegen.visitTypeOperator(ExpressionCodegen.kt:135)
	at org.jetbrains.kotlin.ir.expressions.IrTypeOperatorCall.accept(IrTypeOperatorCall.kt:26)
	at org.jetbrains.kotlin.backend.jvm.codegen.ExpressionCodegen.visitVariable(ExpressionCodegen.kt:725)
	at org.jetbrains.kotlin.backend.jvm.codegen.ExpressionCodegen.visitVariable(ExpressionCodegen.kt:135)
	at org.jetbrains.kotlin.ir.declarations.IrVariable.accept(IrVariable.kt:36)
	at org.jetbrains.kotlin.backend.jvm.codegen.ExpressionCodegen.visitStatementContainer(ExpressionCodegen.kt:527)
	at org.jetbrains.kotlin.backend.jvm.codegen.ExpressionCodegen.visitBlockBody(ExpressionCodegen.kt:532)
	at org.jetbrains.kotlin.backend.jvm.codegen.ExpressionCodegen.visitBlockBody(ExpressionCodegen.kt:135)
	at org.jetbrains.kotlin.ir.expressions.IrBlockBody.accept(IrBlockBody.kt:20)
	at org.jetbrains.kotlin.backend.jvm.codegen.ExpressionCodegen.generate(ExpressionCodegen.kt:233)
	at org.jetbrains.kotlin.backend.jvm.codegen.FunctionCodegen.doGenerate(FunctionCodegen.kt:126)
	at org.jetbrains.kotlin.backend.jvm.codegen.FunctionCodegen.generate(FunctionCodegen.kt:47)
	... 45 more
Caused by: java.lang.IllegalStateException: couldn't find inline method Landroidx/lifecycle/viewmodel/compose/ViewModelKt__ViewModelKt;.viewModel$default(Landroidx/lifecycle/ViewModelStoreOwner;Ljava/lang/String;Landroidx/lifecycle/ViewModelProvider$Factory;Landroidx/lifecycle/viewmodel/CreationExtras;ILjava/lang/Object;)Landroidx/lifecycle/ViewModel;
	at org.jetbrains.kotlin.codegen.inline.SourceCompilerForInlineKt.getMethodNode(SourceCompilerForInline.kt:129)
	at org.jetbrains.kotlin.codegen.inline.SourceCompilerForInlineKt.loadCompiledInlineFunction$lambda$2(SourceCompilerForInline.kt:98)
	at org.jetbrains.kotlin.codegen.inline.InlineCache.computeMethodBytes(InlineCache.kt:90)
	at org.jetbrains.kotlin.codegen.inline.SourceCompilerForInlineKt.loadCompiledInlineFunction(SourceCompilerForInline.kt:93)
	at org.jetbrains.kotlin.backend.jvm.codegen.IrSourceCompilerForInline.compileInlineFunction(IrSourceCompilerForInline.kt:96)
	at org.jetbrains.kotlin.backend.jvm.codegen.IrInlineCodegen.genInlineCall(IrInlineCodegen.kt:65)
	... 62 more


